
> vite_react_shadcn_ts@0.0.0 build
> vite build

[36mvite v5.4.19 [32mbuilding for production...[36m[39m
transforming...
[32mΓ£ô[39m 100 modules transformed.
node.exe : [31mx[39m Build failed in 2.86s
At line:1 char:1
+ & "C:\Program Files\nodejs/node.exe" "C:\Program Files\nodejs/node_mo ...
+ ~~~~~~~~~~~~~~~~~~~~~~~~~~~~~~~~~~~~~~~~~~~~~~~~~~~~~~~~~~~~~~~~~~~~~
    + CategoryInfo          : NotSpecified: ([31mx[39m Build failed in 2.86s:String) [], RemoteException
    + FullyQualifiedErrorId : NativeCommandError
 
[31merror during build:
[31m[vite-plugin-pwa:build] [vite]: Rollup failed to resolve import "framer-motion" from 
"C:/Users/Gaura/Downloads/myattendancehub-in - Copy/src/components/PWABanner.tsx".
This is most likely unintended because it can break your application at runtime.
If you do want to externalize this module explicitly add it to
`build.rollupOptions.external`[31m
    at viteWarn (file:///C:/Users/Gaura/Downloads/myattendancehub-in%20-%20Copy/node_modules/vite/dist/node/chunks/dep-
C6uTJdX2.js:65839:17)
    at onwarn 
(file:///C:/Users/Gaura/Downloads/myattendancehub-in%20-%20Copy/node_modules/@vitejs/plugin-react-swc/index.js:90:7)
    at onRollupWarning (file:///C:/Users/Gaura/Downloads/myattendancehub-in%20-%20Copy/node_modules/vite/dist/node/chun
ks/dep-C6uTJdX2.js:65869:5)
    at onwarn (file:///C:/Users/Gaura/Downloads/myattendancehub-in%20-%20Copy/node_modules/vite/dist/node/chunks/dep-C6
uTJdX2.js:65534:7)
    at file:///C:/Users/Gaura/Downloads/myattendancehub-in%20-%20Copy/node_modules/rollup/dist/es/shared/node-entry.js:
19393:13
    at Object.logger [as onLog] (file:///C:/Users/Gaura/Downloads/myattendancehub-in%20-%20Copy/node_modules/rollup/dis
t/es/shared/node-entry.js:21119:9)
    at ModuleLoader.handleInvalidResolvedId (file:///C:/Users/Gaura/Downloads/myattendancehub-in%20-%20Copy/node_module
s/rollup/dist/es/shared/node-entry.js:20008:26)
    at file:///C:/Users/Gaura/Downloads/myattendancehub-in%20-%20Copy/node_modules/rollup/dist/es/shared/node-entry.js:
19966:26[39m
